------ Sat Oct 18 10:18:20 PM EDT 2025 ------
 22:18:20 up  2:11,  1 user,  load average: 0.09, 0.27, 0.25
               total        used        free      shared  buff/cache   available
Mem:           3.8Gi       2.0Gi       183Mi        58Mi       1.5Gi       1.8Gi
Swap:          3.6Gi       508Ki       3.6Gi
Filesystem      Size  Used Avail Use% Mounted on
tmpfs           387M  2.2M  385M   1% /run
/dev/sda2        20G  9.6G  9.0G  52% /
tmpfs           1.9G  4.0K  1.9G   1% /dev/shm
tmpfs           5.0M  8.0K  5.0M   1% /run/lock
tmpfs           387M  2.6M  385M   1% /run/user/1000
/dev/sr0         94M   94M     0 100% /media/sysadmin/CDROM

 22:57:01 up  2:50,  1 user,  load average: 0.10, 0.27, 0.27
               total        used        free      shared  buff/cache   available
Mem:           3.8Gi       2.1Gi       205Mi        58Mi       1.4Gi       1.7Gi
Swap:          3.6Gi       508Ki       3.6Gi
Filesystem      Size  Used Avail Use% Mounted on
tmpfs           387M  2.2M  385M   1% /run
/dev/sda2        20G  9.6G  9.0G  52% /
tmpfs           1.9G  4.0K  1.9G   1% /dev/shm
tmpfs           5.0M  8.0K  5.0M   1% /run/lock
tmpfs           387M  2.6M  385M   1% /run/user/1000
/dev/sr0         94M   94M     0 100% /media/sysadmin/CDROM

 22:58:01 up  2:51,  1 user,  load average: 0.03, 0.22, 0.25
               total        used        free      shared  buff/cache   available
Mem:           3.8Gi       2.1Gi       205Mi        58Mi       1.4Gi       1.7Gi
Swap:          3.6Gi       508Ki       3.6Gi
Filesystem      Size  Used Avail Use% Mounted on
tmpfs           387M  2.2M  385M   1% /run
/dev/sda2        20G  9.6G  9.0G  52% /
tmpfs           1.9G  4.0K  1.9G   1% /dev/shm
tmpfs           5.0M  8.0K  5.0M   1% /run/lock
tmpfs           387M  2.6M  385M   1% /run/user/1000
/dev/sr0         94M   94M     0 100% /media/sysadmin/CDROM

 22:59:01 up  2:52,  1 user,  load average: 0.01, 0.18, 0.23
               total        used        free      shared  buff/cache   available
Mem:           3.8Gi       2.1Gi       204Mi        58Mi       1.4Gi       1.7Gi
Swap:          3.6Gi       508Ki       3.6Gi
Filesystem      Size  Used Avail Use% Mounted on
tmpfs           387M  2.2M  385M   1% /run
/dev/sda2        20G  9.6G  9.0G  52% /
tmpfs           1.9G  4.0K  1.9G   1% /dev/shm
tmpfs           5.0M  8.0K  5.0M   1% /run/lock
tmpfs           387M  2.6M  385M   1% /run/user/1000
/dev/sr0         94M   94M     0 100% /media/sysadmin/CDROM

 23:00:01 up  2:53,  1 user,  load average: 0.00, 0.14, 0.22
               total        used        free      shared  buff/cache   available
Mem:           3.8Gi       2.1Gi       204Mi        58Mi       1.4Gi       1.7Gi
Swap:          3.6Gi       508Ki       3.6Gi
Filesystem      Size  Used Avail Use% Mounted on
tmpfs           387M  2.2M  385M   1% /run
/dev/sda2        20G  9.6G  9.0G  52% /
tmpfs           1.9G  4.0K  1.9G   1% /dev/shm
tmpfs           5.0M  8.0K  5.0M   1% /run/lock
tmpfs           387M  2.6M  385M   1% /run/user/1000
/dev/sr0         94M   94M     0 100% /media/sysadmin/CDROM

 23:01:01 up  2:54,  1 user,  load average: 0.00, 0.11, 0.20
               total        used        free      shared  buff/cache   available
Mem:           3.8Gi       2.1Gi       204Mi        58Mi       1.4Gi       1.7Gi
Swap:          3.6Gi       508Ki       3.6Gi
Filesystem      Size  Used Avail Use% Mounted on
tmpfs           387M  2.2M  385M   1% /run
/dev/sda2        20G  9.6G  9.0G  52% /
tmpfs           1.9G  4.0K  1.9G   1% /dev/shm
tmpfs           5.0M  8.0K  5.0M   1% /run/lock
tmpfs           387M  2.6M  385M   1% /run/user/1000
/dev/sr0         94M   94M     0 100% /media/sysadmin/CDROM

 23:02:01 up  2:55,  1 user,  load average: 0.00, 0.09, 0.18
               total        used        free      shared  buff/cache   available
Mem:           3.8Gi       2.0Gi       214Mi        58Mi       1.4Gi       1.7Gi
Swap:          3.6Gi       508Ki       3.6Gi
Filesystem      Size  Used Avail Use% Mounted on
tmpfs           387M  2.2M  385M   1% /run
/dev/sda2        20G  9.6G  9.0G  52% /
tmpfs           1.9G  4.0K  1.9G   1% /dev/shm
tmpfs           5.0M  8.0K  5.0M   1% /run/lock
tmpfs           387M  2.6M  385M   1% /run/user/1000
/dev/sr0         94M   94M     0 100% /media/sysadmin/CDROM

 23:03:01 up  2:56,  1 user,  load average: 0.00, 0.07, 0.17
               total        used        free      shared  buff/cache   available
Mem:           3.8Gi       2.0Gi       212Mi        58Mi       1.4Gi       1.7Gi
Swap:          3.6Gi       508Ki       3.6Gi
Filesystem      Size  Used Avail Use% Mounted on
tmpfs           387M  2.2M  385M   1% /run
/dev/sda2        20G  9.6G  9.0G  52% /
tmpfs           1.9G  4.0K  1.9G   1% /dev/shm
tmpfs           5.0M  8.0K  5.0M   1% /run/lock
tmpfs           387M  2.6M  385M   1% /run/user/1000
/dev/sr0         94M   94M     0 100% /media/sysadmin/CDROM

 23:04:01 up  2:57,  1 user,  load average: 0.00, 0.06, 0.16
               total        used        free      shared  buff/cache   available
Mem:           3.8Gi       2.0Gi       212Mi        58Mi       1.4Gi       1.7Gi
Swap:          3.6Gi       508Ki       3.6Gi
Filesystem      Size  Used Avail Use% Mounted on
tmpfs           387M  2.2M  385M   1% /run
/dev/sda2        20G  9.6G  9.0G  52% /
tmpfs           1.9G  4.0K  1.9G   1% /dev/shm
tmpfs           5.0M  8.0K  5.0M   1% /run/lock
tmpfs           387M  2.6M  385M   1% /run/user/1000
/dev/sr0         94M   94M     0 100% /media/sysadmin/CDROM

 23:05:01 up  2:58,  1 user,  load average: 0.00, 0.04, 0.15
               total        used        free      shared  buff/cache   available
Mem:           3.8Gi       2.1Gi       208Mi        58Mi       1.4Gi       1.7Gi
Swap:          3.6Gi       508Ki       3.6Gi
Filesystem      Size  Used Avail Use% Mounted on
tmpfs           387M  2.2M  385M   1% /run
/dev/sda2        20G  9.6G  9.0G  52% /
tmpfs           1.9G  4.0K  1.9G   1% /dev/shm
tmpfs           5.0M  8.0K  5.0M   1% /run/lock
tmpfs           387M  2.6M  385M   1% /run/user/1000
/dev/sr0         94M   94M     0 100% /media/sysadmin/CDROM

 23:06:01 up  2:59,  1 user,  load average: 0.00, 0.03, 0.13
               total        used        free      shared  buff/cache   available
Mem:           3.8Gi       2.0Gi       208Mi        58Mi       1.4Gi       1.7Gi
Swap:          3.6Gi       508Ki       3.6Gi
Filesystem      Size  Used Avail Use% Mounted on
tmpfs           387M  2.2M  385M   1% /run
/dev/sda2        20G  9.6G  9.0G  52% /
tmpfs           1.9G  4.0K  1.9G   1% /dev/shm
tmpfs           5.0M  8.0K  5.0M   1% /run/lock
tmpfs           387M  2.6M  385M   1% /run/user/1000
/dev/sr0         94M   94M     0 100% /media/sysadmin/CDROM

 23:07:01 up  3:00,  1 user,  load average: 0.06, 0.04, 0.13
               total        used        free      shared  buff/cache   available
Mem:           3.8Gi       2.1Gi       206Mi        58Mi       1.4Gi       1.7Gi
Swap:          3.6Gi       508Ki       3.6Gi
Filesystem      Size  Used Avail Use% Mounted on
tmpfs           387M  2.2M  385M   1% /run
/dev/sda2        20G  9.6G  9.0G  52% /
tmpfs           1.9G  4.0K  1.9G   1% /dev/shm
tmpfs           5.0M  8.0K  5.0M   1% /run/lock
tmpfs           387M  2.6M  385M   1% /run/user/1000
/dev/sr0         94M   94M     0 100% /media/sysadmin/CDROM

 23:08:01 up  3:01,  1 user,  load average: 0.02, 0.03, 0.12
               total        used        free      shared  buff/cache   available
Mem:           3.8Gi       2.0Gi       210Mi        58Mi       1.4Gi       1.7Gi
Swap:          3.6Gi       508Ki       3.6Gi
Filesystem      Size  Used Avail Use% Mounted on
tmpfs           387M  2.2M  385M   1% /run
/dev/sda2        20G  9.6G  9.0G  52% /
tmpfs           1.9G  4.0K  1.9G   1% /dev/shm
tmpfs           5.0M  8.0K  5.0M   1% /run/lock
tmpfs           387M  2.6M  385M   1% /run/user/1000
/dev/sr0         94M   94M     0 100% /media/sysadmin/CDROM

 23:09:01 up  3:02,  1 user,  load average: 0.06, 0.04, 0.11
               total        used        free      shared  buff/cache   available
Mem:           3.8Gi       2.1Gi       163Mi        58Mi       1.4Gi       1.7Gi
Swap:          3.6Gi       508Ki       3.6Gi
Filesystem      Size  Used Avail Use% Mounted on
tmpfs           387M  2.2M  385M   1% /run
/dev/sda2        20G  9.6G  9.0G  52% /
tmpfs           1.9G  4.0K  1.9G   1% /dev/shm
tmpfs           5.0M  8.0K  5.0M   1% /run/lock
tmpfs           387M  2.6M  385M   1% /run/user/1000
/dev/sr0         94M   94M     0 100% /media/sysadmin/CDROM

 23:10:01 up  3:03,  1 user,  load average: 0.07, 0.04, 0.10
               total        used        free      shared  buff/cache   available
Mem:           3.8Gi       2.1Gi       169Mi        58Mi       1.4Gi       1.7Gi
Swap:          3.6Gi       508Ki       3.6Gi
Filesystem      Size  Used Avail Use% Mounted on
tmpfs           387M  2.2M  385M   1% /run
/dev/sda2        20G  9.6G  9.0G  52% /
tmpfs           1.9G  4.0K  1.9G   1% /dev/shm
tmpfs           5.0M  8.0K  5.0M   1% /run/lock
tmpfs           387M  2.6M  385M   1% /run/user/1000
/dev/sr0         94M   94M     0 100% /media/sysadmin/CDROM

 23:11:01 up  3:04,  1 user,  load average: 0.02, 0.03, 0.09
               total        used        free      shared  buff/cache   available
Mem:           3.8Gi       2.1Gi       168Mi        58Mi       1.4Gi       1.7Gi
Swap:          3.6Gi       508Ki       3.6Gi
Filesystem      Size  Used Avail Use% Mounted on
tmpfs           387M  2.2M  385M   1% /run
/dev/sda2        20G  9.6G  9.0G  52% /
tmpfs           1.9G  4.0K  1.9G   1% /dev/shm
tmpfs           5.0M  8.0K  5.0M   1% /run/lock
tmpfs           387M  2.6M  385M   1% /run/user/1000
/dev/sr0         94M   94M     0 100% /media/sysadmin/CDROM

 23:12:01 up  3:05,  1 user,  load average: 0.07, 0.04, 0.09
               total        used        free      shared  buff/cache   available
Mem:           3.8Gi       2.1Gi       168Mi        58Mi       1.4Gi       1.7Gi
Swap:          3.6Gi       508Ki       3.6Gi
Filesystem      Size  Used Avail Use% Mounted on
tmpfs           387M  2.2M  385M   1% /run
/dev/sda2        20G  9.6G  9.0G  52% /
tmpfs           1.9G  4.0K  1.9G   1% /dev/shm
tmpfs           5.0M  8.0K  5.0M   1% /run/lock
tmpfs           387M  2.6M  385M   1% /run/user/1000
/dev/sr0         94M   94M     0 100% /media/sysadmin/CDROM

 23:13:01 up  3:06,  1 user,  load average: 0.03, 0.03, 0.08
               total        used        free      shared  buff/cache   available
Mem:           3.8Gi       2.1Gi       168Mi        58Mi       1.4Gi       1.7Gi
Swap:          3.6Gi       508Ki       3.6Gi
Filesystem      Size  Used Avail Use% Mounted on
tmpfs           387M  2.2M  385M   1% /run
/dev/sda2        20G  9.6G  9.0G  52% /
tmpfs           1.9G  4.0K  1.9G   1% /dev/shm
tmpfs           5.0M  8.0K  5.0M   1% /run/lock
tmpfs           387M  2.6M  385M   1% /run/user/1000
/dev/sr0         94M   94M     0 100% /media/sysadmin/CDROM

 23:14:01 up  3:07,  1 user,  load average: 0.01, 0.02, 0.08
               total        used        free      shared  buff/cache   available
Mem:           3.8Gi       2.1Gi       202Mi        58Mi       1.4Gi       1.7Gi
Swap:          3.6Gi       508Ki       3.6Gi
Filesystem      Size  Used Avail Use% Mounted on
tmpfs           387M  2.2M  385M   1% /run
/dev/sda2        20G  9.6G  9.0G  52% /
tmpfs           1.9G  4.0K  1.9G   1% /dev/shm
tmpfs           5.0M  8.0K  5.0M   1% /run/lock
tmpfs           387M  2.6M  385M   1% /run/user/1000
/dev/sr0         94M   94M     0 100% /media/sysadmin/CDROM

 23:15:01 up  3:08,  1 user,  load average: 0.00, 0.02, 0.07
               total        used        free      shared  buff/cache   available
Mem:           3.8Gi       2.1Gi       199Mi        58Mi       1.4Gi       1.7Gi
Swap:          3.6Gi       508Ki       3.6Gi
Filesystem      Size  Used Avail Use% Mounted on
tmpfs           387M  2.2M  385M   1% /run
/dev/sda2        20G  9.6G  9.0G  52% /
tmpfs           1.9G  4.0K  1.9G   1% /dev/shm
tmpfs           5.0M  8.0K  5.0M   1% /run/lock
tmpfs           387M  2.6M  385M   1% /run/user/1000
/dev/sr0         94M   94M     0 100% /media/sysadmin/CDROM

 23:16:01 up  3:09,  1 user,  load average: 0.23, 0.07, 0.09
               total        used        free      shared  buff/cache   available
Mem:           3.8Gi       2.1Gi       191Mi        58Mi       1.4Gi       1.7Gi
Swap:          3.6Gi       508Ki       3.6Gi
Filesystem      Size  Used Avail Use% Mounted on
tmpfs           387M  2.2M  385M   1% /run
/dev/sda2        20G  9.6G  9.0G  52% /
tmpfs           1.9G  4.0K  1.9G   1% /dev/shm
tmpfs           5.0M  8.0K  5.0M   1% /run/lock
tmpfs           387M  2.6M  385M   1% /run/user/1000
/dev/sr0         94M   94M     0 100% /media/sysadmin/CDROM

 23:17:01 up  3:10,  1 user,  load average: 0.08, 0.06, 0.08
               total        used        free      shared  buff/cache   available
Mem:           3.8Gi       2.1Gi       193Mi        58Mi       1.4Gi       1.7Gi
Swap:          3.6Gi       508Ki       3.6Gi
Filesystem      Size  Used Avail Use% Mounted on
tmpfs           387M  2.2M  385M   1% /run
/dev/sda2        20G  9.6G  9.0G  52% /
tmpfs           1.9G  4.0K  1.9G   1% /dev/shm
tmpfs           5.0M  8.0K  5.0M   1% /run/lock
tmpfs           387M  2.6M  385M   1% /run/user/1000
/dev/sr0         94M   94M     0 100% /media/sysadmin/CDROM

 23:18:01 up  3:11,  1 user,  load average: 0.23, 0.09, 0.10
               total        used        free      shared  buff/cache   available
Mem:           3.8Gi       2.1Gi       153Mi        58Mi       1.4Gi       1.7Gi
Swap:          3.6Gi       508Ki       3.6Gi
Filesystem      Size  Used Avail Use% Mounted on
tmpfs           387M  2.2M  385M   1% /run
/dev/sda2        20G  9.6G  9.0G  52% /
tmpfs           1.9G  4.0K  1.9G   1% /dev/shm
tmpfs           5.0M  8.0K  5.0M   1% /run/lock
tmpfs           387M  2.6M  385M   1% /run/user/1000
/dev/sr0         94M   94M     0 100% /media/sysadmin/CDROM

 23:19:01 up  3:12,  1 user,  load average: 0.11, 0.09, 0.09
               total        used        free      shared  buff/cache   available
Mem:           3.8Gi       2.1Gi       146Mi        58Mi       1.4Gi       1.7Gi
Swap:          3.6Gi       508Ki       3.6Gi
Filesystem      Size  Used Avail Use% Mounted on
tmpfs           387M  2.2M  385M   1% /run
/dev/sda2        20G  9.6G  9.0G  52% /
tmpfs           1.9G  4.0K  1.9G   1% /dev/shm
tmpfs           5.0M  8.0K  5.0M   1% /run/lock
tmpfs           387M  2.6M  385M   1% /run/user/1000
/dev/sr0         94M   94M     0 100% /media/sysadmin/CDROM

 23:20:01 up  3:13,  1 user,  load average: 0.18, 0.11, 0.10
               total        used        free      shared  buff/cache   available
Mem:           3.8Gi       2.1Gi       160Mi        58Mi       1.4Gi       1.7Gi
Swap:          3.6Gi       508Ki       3.6Gi
Filesystem      Size  Used Avail Use% Mounted on
tmpfs           387M  2.2M  385M   1% /run
/dev/sda2        20G  9.6G  9.0G  52% /
tmpfs           1.9G  4.0K  1.9G   1% /dev/shm
tmpfs           5.0M  8.0K  5.0M   1% /run/lock
tmpfs           387M  2.6M  385M   1% /run/user/1000
/dev/sr0         94M   94M     0 100% /media/sysadmin/CDROM

 23:21:01 up  3:14,  1 user,  load average: 0.07, 0.09, 0.09
               total        used        free      shared  buff/cache   available
Mem:           3.8Gi       2.1Gi       142Mi        58Mi       1.4Gi       1.7Gi
Swap:          3.6Gi       508Ki       3.6Gi
Filesystem      Size  Used Avail Use% Mounted on
tmpfs           387M  2.2M  385M   1% /run
/dev/sda2        20G  9.6G  9.0G  52% /
tmpfs           1.9G  4.0K  1.9G   1% /dev/shm
tmpfs           5.0M  8.0K  5.0M   1% /run/lock
tmpfs           387M  2.6M  385M   1% /run/user/1000
/dev/sr0         94M   94M     0 100% /media/sysadmin/CDROM

 23:22:01 up  3:15,  1 user,  load average: 0.02, 0.07, 0.08
               total        used        free      shared  buff/cache   available
Mem:           3.8Gi       2.1Gi       142Mi        58Mi       1.4Gi       1.7Gi
Swap:          3.6Gi       508Ki       3.6Gi
Filesystem      Size  Used Avail Use% Mounted on
tmpfs           387M  2.2M  385M   1% /run
/dev/sda2        20G  9.6G  9.0G  52% /
tmpfs           1.9G  4.0K  1.9G   1% /dev/shm
tmpfs           5.0M  8.0K  5.0M   1% /run/lock
tmpfs           387M  2.6M  385M   1% /run/user/1000
/dev/sr0         94M   94M     0 100% /media/sysadmin/CDROM

 23:23:01 up  3:16,  1 user,  load average: 0.01, 0.06, 0.08
               total        used        free      shared  buff/cache   available
Mem:           3.8Gi       2.1Gi       154Mi        58Mi       1.4Gi       1.7Gi
Swap:          3.6Gi       508Ki       3.6Gi
Filesystem      Size  Used Avail Use% Mounted on
tmpfs           387M  2.2M  385M   1% /run
/dev/sda2        20G  9.6G  9.0G  52% /
tmpfs           1.9G  4.0K  1.9G   1% /dev/shm
tmpfs           5.0M  8.0K  5.0M   1% /run/lock
tmpfs           387M  2.6M  385M   1% /run/user/1000
/dev/sr0         94M   94M     0 100% /media/sysadmin/CDROM

 23:24:01 up  3:17,  1 user,  load average: 0.00, 0.04, 0.07
               total        used        free      shared  buff/cache   available
Mem:           3.8Gi       2.1Gi       154Mi        58Mi       1.4Gi       1.7Gi
Swap:          3.6Gi       508Ki       3.6Gi
Filesystem      Size  Used Avail Use% Mounted on
tmpfs           387M  2.2M  385M   1% /run
/dev/sda2        20G  9.6G  9.0G  52% /
tmpfs           1.9G  4.0K  1.9G   1% /dev/shm
tmpfs           5.0M  8.0K  5.0M   1% /run/lock
tmpfs           387M  2.6M  385M   1% /run/user/1000
/dev/sr0         94M   94M     0 100% /media/sysadmin/CDROM

 23:25:01 up  3:18,  1 user,  load average: 0.00, 0.03, 0.06
               total        used        free      shared  buff/cache   available
Mem:           3.8Gi       2.1Gi       150Mi        58Mi       1.4Gi       1.7Gi
Swap:          3.6Gi       508Ki       3.6Gi
Filesystem      Size  Used Avail Use% Mounted on
tmpfs           387M  2.2M  385M   1% /run
/dev/sda2        20G  9.6G  9.0G  52% /
tmpfs           1.9G  4.0K  1.9G   1% /dev/shm
tmpfs           5.0M  8.0K  5.0M   1% /run/lock
tmpfs           387M  2.6M  385M   1% /run/user/1000
/dev/sr0         94M   94M     0 100% /media/sysadmin/CDROM

 23:26:01 up  3:19,  1 user,  load average: 0.00, 0.02, 0.06
               total        used        free      shared  buff/cache   available
Mem:           3.8Gi       2.1Gi       149Mi        58Mi       1.4Gi       1.7Gi
Swap:          3.6Gi       508Ki       3.6Gi
Filesystem      Size  Used Avail Use% Mounted on
tmpfs           387M  2.2M  385M   1% /run
/dev/sda2        20G  9.6G  9.0G  52% /
tmpfs           1.9G  4.0K  1.9G   1% /dev/shm
tmpfs           5.0M  8.0K  5.0M   1% /run/lock
tmpfs           387M  2.6M  385M   1% /run/user/1000
/dev/sr0         94M   94M     0 100% /media/sysadmin/CDROM

 23:27:01 up  3:20,  1 user,  load average: 0.00, 0.02, 0.05
               total        used        free      shared  buff/cache   available
Mem:           3.8Gi       2.1Gi       149Mi        58Mi       1.4Gi       1.7Gi
Swap:          3.6Gi       508Ki       3.6Gi
Filesystem      Size  Used Avail Use% Mounted on
tmpfs           387M  2.2M  385M   1% /run
/dev/sda2        20G  9.6G  9.0G  52% /
tmpfs           1.9G  4.0K  1.9G   1% /dev/shm
tmpfs           5.0M  8.0K  5.0M   1% /run/lock
tmpfs           387M  2.6M  385M   1% /run/user/1000
/dev/sr0         94M   94M     0 100% /media/sysadmin/CDROM

 23:28:01 up  3:21,  1 user,  load average: 0.20, 0.09, 0.08
               total        used        free      shared  buff/cache   available
Mem:           3.8Gi       2.1Gi       173Mi        58Mi       1.4Gi       1.7Gi
Swap:          3.6Gi       508Ki       3.6Gi
Filesystem      Size  Used Avail Use% Mounted on
tmpfs           387M  2.2M  385M   1% /run
/dev/sda2        20G  9.6G  9.0G  52% /
tmpfs           1.9G  4.0K  1.9G   1% /dev/shm
tmpfs           5.0M  8.0K  5.0M   1% /run/lock
tmpfs           387M  2.6M  385M   1% /run/user/1000
/dev/sr0         94M   94M     0 100% /media/sysadmin/CDROM

 23:29:01 up  3:22,  1 user,  load average: 0.49, 0.17, 0.10
               total        used        free      shared  buff/cache   available
Mem:           3.8Gi       2.1Gi       163Mi        58Mi       1.4Gi       1.7Gi
Swap:          3.6Gi       508Ki       3.6Gi
Filesystem      Size  Used Avail Use% Mounted on
tmpfs           387M  2.2M  385M   1% /run
/dev/sda2        20G  9.6G  9.0G  52% /
tmpfs           1.9G  4.0K  1.9G   1% /dev/shm
tmpfs           5.0M  8.0K  5.0M   1% /run/lock
tmpfs           387M  2.6M  385M   1% /run/user/1000
/dev/sr0         94M   94M     0 100% /media/sysadmin/CDROM

 23:30:01 up  3:23,  1 user,  load average: 0.26, 0.15, 0.10
               total        used        free      shared  buff/cache   available
Mem:           3.8Gi       2.1Gi       209Mi        58Mi       1.4Gi       1.7Gi
Swap:          3.6Gi       508Ki       3.6Gi
Filesystem      Size  Used Avail Use% Mounted on
tmpfs           387M  2.2M  385M   1% /run
/dev/sda2        20G  9.6G  9.0G  52% /
tmpfs           1.9G  4.0K  1.9G   1% /dev/shm
tmpfs           5.0M  8.0K  5.0M   1% /run/lock
tmpfs           387M  2.6M  385M   1% /run/user/1000
/dev/sr0         94M   94M     0 100% /media/sysadmin/CDROM

 23:31:01 up  3:24,  1 user,  load average: 0.22, 0.16, 0.10
               total        used        free      shared  buff/cache   available
Mem:           3.8Gi       2.1Gi       201Mi        58Mi       1.4Gi       1.7Gi
Swap:          3.6Gi       508Ki       3.6Gi
Filesystem      Size  Used Avail Use% Mounted on
tmpfs           387M  2.2M  385M   1% /run
/dev/sda2        20G  9.6G  9.0G  52% /
tmpfs           1.9G  4.0K  1.9G   1% /dev/shm
tmpfs           5.0M  8.0K  5.0M   1% /run/lock
tmpfs           387M  2.6M  385M   1% /run/user/1000
/dev/sr0         94M   94M     0 100% /media/sysadmin/CDROM

 23:32:01 up  3:25,  1 user,  load average: 0.08, 0.13, 0.09
               total        used        free      shared  buff/cache   available
Mem:           3.8Gi       2.1Gi       201Mi        58Mi       1.4Gi       1.7Gi
Swap:          3.6Gi       508Ki       3.6Gi
Filesystem      Size  Used Avail Use% Mounted on
tmpfs           387M  2.2M  385M   1% /run
/dev/sda2        20G  9.6G  9.0G  52% /
tmpfs           1.9G  4.0K  1.9G   1% /dev/shm
tmpfs           5.0M  8.0K  5.0M   1% /run/lock
tmpfs           387M  2.6M  385M   1% /run/user/1000
/dev/sr0         94M   94M     0 100% /media/sysadmin/CDROM

 23:33:01 up  3:26,  1 user,  load average: 0.24, 0.18, 0.11
               total        used        free      shared  buff/cache   available
Mem:           3.8Gi       2.1Gi       198Mi        58Mi       1.4Gi       1.7Gi
Swap:          3.6Gi       508Ki       3.6Gi
Filesystem      Size  Used Avail Use% Mounted on
tmpfs           387M  2.2M  385M   1% /run
/dev/sda2        20G  9.6G  9.0G  52% /
tmpfs           1.9G  4.0K  1.9G   1% /dev/shm
tmpfs           5.0M  8.0K  5.0M   1% /run/lock
tmpfs           387M  2.6M  385M   1% /run/user/1000
/dev/sr0         94M   94M     0 100% /media/sysadmin/CDROM

 23:34:01 up  3:27,  1 user,  load average: 0.49, 0.23, 0.12
               total        used        free      shared  buff/cache   available
Mem:           3.8Gi       2.1Gi       192Mi        58Mi       1.4Gi       1.7Gi
Swap:          3.6Gi       508Ki       3.6Gi
Filesystem      Size  Used Avail Use% Mounted on
tmpfs           387M  2.2M  385M   1% /run
/dev/sda2        20G  9.6G  9.0G  52% /
tmpfs           1.9G  4.0K  1.9G   1% /dev/shm
tmpfs           5.0M  8.0K  5.0M   1% /run/lock
tmpfs           387M  2.6M  385M   1% /run/user/1000
/dev/sr0         94M   94M     0 100% /media/sysadmin/CDROM

 23:35:01 up  3:28,  1 user,  load average: 0.31, 0.22, 0.12
               total        used        free      shared  buff/cache   available
Mem:           3.8Gi       2.1Gi       200Mi        58Mi       1.4Gi       1.7Gi
Swap:          3.6Gi       508Ki       3.6Gi
Filesystem      Size  Used Avail Use% Mounted on
tmpfs           387M  2.2M  385M   1% /run
/dev/sda2        20G  9.6G  9.0G  52% /
tmpfs           1.9G  4.0K  1.9G   1% /dev/shm
tmpfs           5.0M  8.0K  5.0M   1% /run/lock
tmpfs           387M  2.6M  385M   1% /run/user/1000
/dev/sr0         94M   94M     0 100% /media/sysadmin/CDROM

 23:36:01 up  3:29,  1 user,  load average: 0.14, 0.19, 0.12
               total        used        free      shared  buff/cache   available
Mem:           3.8Gi       2.1Gi       197Mi        58Mi       1.4Gi       1.7Gi
Swap:          3.6Gi       508Ki       3.6Gi
Filesystem      Size  Used Avail Use% Mounted on
tmpfs           387M  2.2M  385M   1% /run
/dev/sda2        20G  9.6G  9.0G  52% /
tmpfs           1.9G  4.0K  1.9G   1% /dev/shm
tmpfs           5.0M  8.0K  5.0M   1% /run/lock
tmpfs           387M  2.6M  385M   1% /run/user/1000
/dev/sr0         94M   94M     0 100% /media/sysadmin/CDROM

 23:37:01 up  3:30,  1 user,  load average: 0.05, 0.15, 0.11
               total        used        free      shared  buff/cache   available
Mem:           3.8Gi       2.1Gi       197Mi        58Mi       1.4Gi       1.7Gi
Swap:          3.6Gi       508Ki       3.6Gi
Filesystem      Size  Used Avail Use% Mounted on
tmpfs           387M  2.2M  385M   1% /run
/dev/sda2        20G  9.6G  9.0G  52% /
tmpfs           1.9G  4.0K  1.9G   1% /dev/shm
tmpfs           5.0M  8.0K  5.0M   1% /run/lock
tmpfs           387M  2.6M  385M   1% /run/user/1000
/dev/sr0         94M   94M     0 100% /media/sysadmin/CDROM

 23:38:01 up  3:31,  1 user,  load average: 0.02, 0.12, 0.09
               total        used        free      shared  buff/cache   available
Mem:           3.8Gi       2.1Gi       196Mi        58Mi       1.4Gi       1.7Gi
Swap:          3.6Gi       508Ki       3.6Gi
Filesystem      Size  Used Avail Use% Mounted on
tmpfs           387M  2.2M  385M   1% /run
/dev/sda2        20G  9.6G  9.0G  52% /
tmpfs           1.9G  4.0K  1.9G   1% /dev/shm
tmpfs           5.0M  8.0K  5.0M   1% /run/lock
tmpfs           387M  2.6M  385M   1% /run/user/1000
/dev/sr0         94M   94M     0 100% /media/sysadmin/CDROM

 23:39:01 up  3:32,  1 user,  load average: 0.08, 0.11, 0.09
               total        used        free      shared  buff/cache   available
Mem:           3.8Gi       2.1Gi       197Mi        58Mi       1.4Gi       1.7Gi
Swap:          3.6Gi       508Ki       3.6Gi
Filesystem      Size  Used Avail Use% Mounted on
tmpfs           387M  2.2M  385M   1% /run
/dev/sda2        20G  9.6G  9.0G  52% /
tmpfs           1.9G  4.0K  1.9G   1% /dev/shm
tmpfs           5.0M  8.0K  5.0M   1% /run/lock
tmpfs           387M  2.6M  385M   1% /run/user/1000
/dev/sr0         94M   94M     0 100% /media/sysadmin/CDROM

 23:40:01 up  3:33,  1 user,  load average: 0.11, 0.11, 0.09
               total        used        free      shared  buff/cache   available
Mem:           3.8Gi       2.1Gi       194Mi        58Mi       1.4Gi       1.7Gi
Swap:          3.6Gi       508Ki       3.6Gi
Filesystem      Size  Used Avail Use% Mounted on
tmpfs           387M  2.2M  385M   1% /run
/dev/sda2        20G  9.6G  9.0G  52% /
tmpfs           1.9G  4.0K  1.9G   1% /dev/shm
tmpfs           5.0M  8.0K  5.0M   1% /run/lock
tmpfs           387M  2.6M  385M   1% /run/user/1000
/dev/sr0         94M   94M     0 100% /media/sysadmin/CDROM

 23:41:01 up  3:34,  1 user,  load average: 0.18, 0.13, 0.10
               total        used        free      shared  buff/cache   available
Mem:           3.8Gi       2.1Gi       194Mi        58Mi       1.4Gi       1.7Gi
Swap:          3.6Gi       508Ki       3.6Gi
Filesystem      Size  Used Avail Use% Mounted on
tmpfs           387M  2.2M  385M   1% /run
/dev/sda2        20G  9.6G  9.0G  52% /
tmpfs           1.9G  4.0K  1.9G   1% /dev/shm
tmpfs           5.0M  8.0K  5.0M   1% /run/lock
tmpfs           387M  2.6M  385M   1% /run/user/1000
/dev/sr0         94M   94M     0 100% /media/sysadmin/CDROM

 23:42:01 up  3:35,  1 user,  load average: 0.07, 0.11, 0.09
               total        used        free      shared  buff/cache   available
Mem:           3.8Gi       2.1Gi       193Mi        58Mi       1.4Gi       1.7Gi
Swap:          3.6Gi       508Ki       3.6Gi
Filesystem      Size  Used Avail Use% Mounted on
tmpfs           387M  2.2M  385M   1% /run
/dev/sda2        20G  9.6G  9.0G  52% /
tmpfs           1.9G  4.0K  1.9G   1% /dev/shm
tmpfs           5.0M  8.0K  5.0M   1% /run/lock
tmpfs           387M  2.6M  385M   1% /run/user/1000
/dev/sr0         94M   94M     0 100% /media/sysadmin/CDROM

 23:43:01 up  3:36,  1 user,  load average: 0.02, 0.08, 0.08
               total        used        free      shared  buff/cache   available
Mem:           3.8Gi       2.1Gi       193Mi        58Mi       1.4Gi       1.7Gi
Swap:          3.6Gi       508Ki       3.6Gi
Filesystem      Size  Used Avail Use% Mounted on
tmpfs           387M  2.2M  385M   1% /run
/dev/sda2        20G  9.6G  9.0G  52% /
tmpfs           1.9G  4.0K  1.9G   1% /dev/shm
tmpfs           5.0M  8.0K  5.0M   1% /run/lock
tmpfs           387M  2.6M  385M   1% /run/user/1000
/dev/sr0         94M   94M     0 100% /media/sysadmin/CDROM

 23:44:01 up  3:37,  1 user,  load average: 0.01, 0.07, 0.08
               total        used        free      shared  buff/cache   available
Mem:           3.8Gi       2.1Gi       196Mi        58Mi       1.4Gi       1.7Gi
Swap:          3.6Gi       508Ki       3.6Gi
Filesystem      Size  Used Avail Use% Mounted on
tmpfs           387M  2.2M  385M   1% /run
/dev/sda2        20G  9.6G  9.0G  52% /
tmpfs           1.9G  4.0K  1.9G   1% /dev/shm
tmpfs           5.0M  8.0K  5.0M   1% /run/lock
tmpfs           387M  2.6M  385M   1% /run/user/1000
/dev/sr0         94M   94M     0 100% /media/sysadmin/CDROM

 23:45:01 up  3:38,  1 user,  load average: 0.00, 0.05, 0.07
               total        used        free      shared  buff/cache   available
Mem:           3.8Gi       2.1Gi       192Mi        58Mi       1.4Gi       1.7Gi
Swap:          3.6Gi       508Ki       3.6Gi
Filesystem      Size  Used Avail Use% Mounted on
tmpfs           387M  2.2M  385M   1% /run
/dev/sda2        20G  9.6G  9.0G  52% /
tmpfs           1.9G  4.0K  1.9G   1% /dev/shm
tmpfs           5.0M  8.0K  5.0M   1% /run/lock
tmpfs           387M  2.6M  385M   1% /run/user/1000
/dev/sr0         94M   94M     0 100% /media/sysadmin/CDROM

 23:46:01 up  3:39,  1 user,  load average: 0.00, 0.04, 0.07
               total        used        free      shared  buff/cache   available
Mem:           3.8Gi       2.0Gi       213Mi        58Mi       1.4Gi       1.7Gi
Swap:          3.6Gi       508Ki       3.6Gi
Filesystem      Size  Used Avail Use% Mounted on
tmpfs           387M  2.2M  385M   1% /run
/dev/sda2        20G  9.6G  9.0G  52% /
tmpfs           1.9G  4.0K  1.9G   1% /dev/shm
tmpfs           5.0M  8.0K  5.0M   1% /run/lock
tmpfs           387M  2.6M  385M   1% /run/user/1000
/dev/sr0         94M   94M     0 100% /media/sysadmin/CDROM

 23:47:01 up  3:40,  1 user,  load average: 0.00, 0.03, 0.06
               total        used        free      shared  buff/cache   available
Mem:           3.8Gi       2.0Gi       211Mi        58Mi       1.4Gi       1.7Gi
Swap:          3.6Gi       508Ki       3.6Gi
Filesystem      Size  Used Avail Use% Mounted on
tmpfs           387M  2.2M  385M   1% /run
/dev/sda2        20G  9.6G  9.0G  52% /
tmpfs           1.9G  4.0K  1.9G   1% /dev/shm
tmpfs           5.0M  8.0K  5.0M   1% /run/lock
tmpfs           387M  2.6M  385M   1% /run/user/1000
/dev/sr0         94M   94M     0 100% /media/sysadmin/CDROM

 23:48:01 up  3:41,  1 user,  load average: 0.00, 0.02, 0.05
               total        used        free      shared  buff/cache   available
Mem:           3.8Gi       2.0Gi       210Mi        58Mi       1.4Gi       1.7Gi
Swap:          3.6Gi       508Ki       3.6Gi
Filesystem      Size  Used Avail Use% Mounted on
tmpfs           387M  2.2M  385M   1% /run
/dev/sda2        20G  9.6G  9.0G  52% /
tmpfs           1.9G  4.0K  1.9G   1% /dev/shm
tmpfs           5.0M  8.0K  5.0M   1% /run/lock
tmpfs           387M  2.6M  385M   1% /run/user/1000
/dev/sr0         94M   94M     0 100% /media/sysadmin/CDROM

 23:49:01 up  3:42,  1 user,  load average: 0.00, 0.02, 0.05
               total        used        free      shared  buff/cache   available
Mem:           3.8Gi       2.1Gi       200Mi        58Mi       1.4Gi       1.7Gi
Swap:          3.6Gi       508Ki       3.6Gi
Filesystem      Size  Used Avail Use% Mounted on
tmpfs           387M  2.2M  385M   1% /run
/dev/sda2        20G  9.6G  9.0G  52% /
tmpfs           1.9G  4.0K  1.9G   1% /dev/shm
tmpfs           5.0M  8.0K  5.0M   1% /run/lock
tmpfs           387M  2.6M  385M   1% /run/user/1000
/dev/sr0         94M   94M     0 100% /media/sysadmin/CDROM

 23:50:01 up  3:43,  1 user,  load average: 0.00, 0.01, 0.04
               total        used        free      shared  buff/cache   available
Mem:           3.8Gi       2.0Gi       210Mi        58Mi       1.4Gi       1.7Gi
Swap:          3.6Gi       508Ki       3.6Gi
Filesystem      Size  Used Avail Use% Mounted on
tmpfs           387M  2.2M  385M   1% /run
/dev/sda2        20G  9.6G  9.0G  52% /
tmpfs           1.9G  4.0K  1.9G   1% /dev/shm
tmpfs           5.0M  8.0K  5.0M   1% /run/lock
tmpfs           387M  2.6M  385M   1% /run/user/1000
/dev/sr0         94M   94M     0 100% /media/sysadmin/CDROM

 23:51:01 up  3:44,  1 user,  load average: 0.00, 0.01, 0.04
               total        used        free      shared  buff/cache   available
Mem:           3.8Gi       2.1Gi       166Mi        58Mi       1.4Gi       1.7Gi
Swap:          3.6Gi       508Ki       3.6Gi
Filesystem      Size  Used Avail Use% Mounted on
tmpfs           387M  2.2M  385M   1% /run
/dev/sda2        20G  9.6G  9.0G  52% /
tmpfs           1.9G  4.0K  1.9G   1% /dev/shm
tmpfs           5.0M  8.0K  5.0M   1% /run/lock
tmpfs           387M  2.6M  385M   1% /run/user/1000
/dev/sr0         94M   94M     0 100% /media/sysadmin/CDROM

 23:52:01 up  3:45,  1 user,  load average: 0.00, 0.00, 0.03
               total        used        free      shared  buff/cache   available
Mem:           3.8Gi       2.1Gi       168Mi        58Mi       1.4Gi       1.7Gi
Swap:          3.6Gi       508Ki       3.6Gi
Filesystem      Size  Used Avail Use% Mounted on
tmpfs           387M  2.2M  385M   1% /run
/dev/sda2        20G  9.6G  9.0G  52% /
tmpfs           1.9G  4.0K  1.9G   1% /dev/shm
tmpfs           5.0M  8.0K  5.0M   1% /run/lock
tmpfs           387M  2.6M  385M   1% /run/user/1000
/dev/sr0         94M   94M     0 100% /media/sysadmin/CDROM

 23:53:01 up  3:46,  1 user,  load average: 0.04, 0.01, 0.03
               total        used        free      shared  buff/cache   available
Mem:           3.8Gi       2.0Gi       211Mi        58Mi       1.4Gi       1.7Gi
Swap:          3.6Gi       508Ki       3.6Gi
Filesystem      Size  Used Avail Use% Mounted on
tmpfs           387M  2.2M  385M   1% /run
/dev/sda2        20G  9.6G  9.0G  52% /
tmpfs           1.9G  4.0K  1.9G   1% /dev/shm
tmpfs           5.0M  8.0K  5.0M   1% /run/lock
tmpfs           387M  2.6M  385M   1% /run/user/1000
/dev/sr0         94M   94M     0 100% /media/sysadmin/CDROM

 23:54:01 up  3:47,  1 user,  load average: 0.05, 0.02, 0.03
               total        used        free      shared  buff/cache   available
Mem:           3.8Gi       2.1Gi       195Mi        58Mi       1.4Gi       1.7Gi
Swap:          3.6Gi       508Ki       3.6Gi
Filesystem      Size  Used Avail Use% Mounted on
tmpfs           387M  2.2M  385M   1% /run
/dev/sda2        20G  9.6G  9.0G  52% /
tmpfs           1.9G  4.0K  1.9G   1% /dev/shm
tmpfs           5.0M  8.0K  5.0M   1% /run/lock
tmpfs           387M  2.6M  385M   1% /run/user/1000
/dev/sr0         94M   94M     0 100% /media/sysadmin/CDROM

 23:55:01 up  3:48,  1 user,  load average: 0.31, 0.10, 0.05
               total        used        free      shared  buff/cache   available
Mem:           3.8Gi       2.1Gi       197Mi        58Mi       1.4Gi       1.7Gi
Swap:          3.6Gi       508Ki       3.6Gi
Filesystem      Size  Used Avail Use% Mounted on
tmpfs           387M  2.2M  385M   1% /run
/dev/sda2        20G  9.6G  9.0G  52% /
tmpfs           1.9G  4.0K  1.9G   1% /dev/shm
tmpfs           5.0M  8.0K  5.0M   1% /run/lock
tmpfs           387M  2.6M  385M   1% /run/user/1000
/dev/sr0         94M   94M     0 100% /media/sysadmin/CDROM

 23:56:01 up  3:49,  1 user,  load average: 0.30, 0.13, 0.06
               total        used        free      shared  buff/cache   available
Mem:           3.8Gi       2.1Gi       123Mi        58Mi       1.4Gi       1.6Gi
Swap:          3.6Gi       508Ki       3.6Gi
Filesystem      Size  Used Avail Use% Mounted on
tmpfs           387M  2.2M  385M   1% /run
/dev/sda2        20G  9.6G  9.0G  52% /
tmpfs           1.9G  4.0K  1.9G   1% /dev/shm
tmpfs           5.0M  8.0K  5.0M   1% /run/lock
tmpfs           387M  2.6M  385M   1% /run/user/1000
/dev/sr0         94M   94M     0 100% /media/sysadmin/CDROM

 23:57:01 up  3:50,  1 user,  load average: 0.11, 0.10, 0.06
               total        used        free      shared  buff/cache   available
Mem:           3.8Gi       2.1Gi       157Mi        58Mi       1.4Gi       1.7Gi
Swap:          3.6Gi       508Ki       3.6Gi
Filesystem      Size  Used Avail Use% Mounted on
tmpfs           387M  2.2M  385M   1% /run
/dev/sda2        20G  9.6G  9.0G  52% /
tmpfs           1.9G  4.0K  1.9G   1% /dev/shm
tmpfs           5.0M  8.0K  5.0M   1% /run/lock
tmpfs           387M  2.6M  385M   1% /run/user/1000
/dev/sr0         94M   94M     0 100% /media/sysadmin/CDROM

 23:58:01 up  3:51,  1 user,  load average: 0.04, 0.08, 0.05
               total        used        free      shared  buff/cache   available
Mem:           3.8Gi       2.1Gi       157Mi        58Mi       1.4Gi       1.7Gi
Swap:          3.6Gi       508Ki       3.6Gi
Filesystem      Size  Used Avail Use% Mounted on
tmpfs           387M  2.2M  385M   1% /run
/dev/sda2        20G  9.6G  9.0G  52% /
tmpfs           1.9G  4.0K  1.9G   1% /dev/shm
tmpfs           5.0M  8.0K  5.0M   1% /run/lock
tmpfs           387M  2.6M  385M   1% /run/user/1000
/dev/sr0         94M   94M     0 100% /media/sysadmin/CDROM

 23:59:01 up  3:52,  1 user,  load average: 0.21, 0.12, 0.07
               total        used        free      shared  buff/cache   available
Mem:           3.8Gi       2.1Gi       157Mi        58Mi       1.4Gi       1.7Gi
Swap:          3.6Gi       508Ki       3.6Gi
Filesystem      Size  Used Avail Use% Mounted on
tmpfs           387M  2.2M  385M   1% /run
/dev/sda2        20G  9.6G  9.0G  52% /
tmpfs           1.9G  4.0K  1.9G   1% /dev/shm
tmpfs           5.0M  8.0K  5.0M   1% /run/lock
tmpfs           387M  2.6M  385M   1% /run/user/1000
/dev/sr0         94M   94M     0 100% /media/sysadmin/CDROM

 00:00:01 up  3:53,  1 user,  load average: 0.07, 0.10, 0.06
               total        used        free      shared  buff/cache   available
Mem:           3.8Gi       2.1Gi       173Mi        58Mi       1.4Gi       1.7Gi
Swap:          3.6Gi       508Ki       3.6Gi
Filesystem      Size  Used Avail Use% Mounted on
tmpfs           387M  2.2M  385M   1% /run
/dev/sda2        20G  9.6G  9.0G  52% /
tmpfs           1.9G  4.0K  1.9G   1% /dev/shm
tmpfs           5.0M  8.0K  5.0M   1% /run/lock
tmpfs           387M  2.6M  385M   1% /run/user/1000
/dev/sr0         94M   94M     0 100% /media/sysadmin/CDROM

 00:01:01 up  3:54,  1 user,  load average: 0.11, 0.10, 0.06
               total        used        free      shared  buff/cache   available
Mem:           3.8Gi       2.1Gi       114Mi        58Mi       1.4Gi       1.7Gi
Swap:          3.6Gi       508Ki       3.6Gi
Filesystem      Size  Used Avail Use% Mounted on
tmpfs           387M  2.2M  385M   1% /run
/dev/sda2        20G  9.6G  9.0G  52% /
tmpfs           1.9G  4.0K  1.9G   1% /dev/shm
tmpfs           5.0M  8.0K  5.0M   1% /run/lock
tmpfs           387M  2.6M  385M   1% /run/user/1000
/dev/sr0         94M   94M     0 100% /media/sysadmin/CDROM

 00:02:01 up  3:55,  1 user,  load average: 0.40, 0.21, 0.10
               total        used        free      shared  buff/cache   available
Mem:           3.8Gi       2.1Gi       182Mi        58Mi       1.4Gi       1.7Gi
Swap:          3.6Gi       508Ki       3.6Gi
Filesystem      Size  Used Avail Use% Mounted on
tmpfs           387M  2.2M  385M   1% /run
/dev/sda2        20G  9.6G  9.0G  52% /
tmpfs           1.9G  4.0K  1.9G   1% /dev/shm
tmpfs           5.0M  8.0K  5.0M   1% /run/lock
tmpfs           387M  2.6M  385M   1% /run/user/1000
/dev/sr0         94M   94M     0 100% /media/sysadmin/CDROM

 00:03:01 up  3:56,  1 user,  load average: 0.21, 0.19, 0.10
               total        used        free      shared  buff/cache   available
Mem:           3.8Gi       2.1Gi       182Mi        58Mi       1.4Gi       1.7Gi
Swap:          3.6Gi       508Ki       3.6Gi
Filesystem      Size  Used Avail Use% Mounted on
tmpfs           387M  2.2M  385M   1% /run
/dev/sda2        20G  9.6G  9.0G  52% /
tmpfs           1.9G  4.0K  1.9G   1% /dev/shm
tmpfs           5.0M  8.0K  5.0M   1% /run/lock
tmpfs           387M  2.6M  385M   1% /run/user/1000
/dev/sr0         94M   94M     0 100% /media/sysadmin/CDROM

 00:04:01 up  3:57,  1 user,  load average: 0.08, 0.16, 0.09
               total        used        free      shared  buff/cache   available
Mem:           3.8Gi       2.1Gi       182Mi        58Mi       1.4Gi       1.7Gi
Swap:          3.6Gi       508Ki       3.6Gi
Filesystem      Size  Used Avail Use% Mounted on
tmpfs           387M  2.2M  385M   1% /run
/dev/sda2        20G  9.6G  9.0G  52% /
tmpfs           1.9G  4.0K  1.9G   1% /dev/shm
tmpfs           5.0M  8.0K  5.0M   1% /run/lock
tmpfs           387M  2.6M  385M   1% /run/user/1000
/dev/sr0         94M   94M     0 100% /media/sysadmin/CDROM

 00:05:01 up  3:58,  1 user,  load average: 0.03, 0.13, 0.08
               total        used        free      shared  buff/cache   available
Mem:           3.8Gi       2.1Gi       183Mi        58Mi       1.4Gi       1.7Gi
Swap:          3.6Gi       508Ki       3.6Gi
Filesystem      Size  Used Avail Use% Mounted on
tmpfs           387M  2.2M  385M   1% /run
/dev/sda2        20G  9.6G  9.0G  52% /
tmpfs           1.9G  4.0K  1.9G   1% /dev/shm
tmpfs           5.0M  8.0K  5.0M   1% /run/lock
tmpfs           387M  2.6M  385M   1% /run/user/1000
/dev/sr0         94M   94M     0 100% /media/sysadmin/CDROM

 00:06:01 up  3:59,  1 user,  load average: 0.08, 0.13, 0.09
               total        used        free      shared  buff/cache   available
Mem:           3.8Gi       2.1Gi       179Mi        58Mi       1.4Gi       1.7Gi
Swap:          3.6Gi       508Ki       3.6Gi
Filesystem      Size  Used Avail Use% Mounted on
tmpfs           387M  2.2M  385M   1% /run
/dev/sda2        20G  9.6G  9.0G  52% /
tmpfs           1.9G  4.0K  1.9G   1% /dev/shm
tmpfs           5.0M  8.0K  5.0M   1% /run/lock
tmpfs           387M  2.6M  385M   1% /run/user/1000
/dev/sr0         94M   94M     0 100% /media/sysadmin/CDROM

 00:07:01 up  4:00,  1 user,  load average: 0.03, 0.10, 0.08
               total        used        free      shared  buff/cache   available
Mem:           3.8Gi       2.1Gi       184Mi        58Mi       1.4Gi       1.7Gi
Swap:          3.6Gi       508Ki       3.6Gi
Filesystem      Size  Used Avail Use% Mounted on
tmpfs           387M  2.2M  385M   1% /run
/dev/sda2        20G  9.6G  9.0G  52% /
tmpfs           1.9G  4.0K  1.9G   1% /dev/shm
tmpfs           5.0M  8.0K  5.0M   1% /run/lock
tmpfs           387M  2.6M  385M   1% /run/user/1000
/dev/sr0         94M   94M     0 100% /media/sysadmin/CDROM

 00:08:01 up  4:01,  1 user,  load average: 0.01, 0.08, 0.08
               total        used        free      shared  buff/cache   available
Mem:           3.8Gi       2.1Gi       187Mi        58Mi       1.4Gi       1.7Gi
Swap:          3.6Gi       508Ki       3.6Gi
Filesystem      Size  Used Avail Use% Mounted on
tmpfs           387M  2.2M  385M   1% /run
/dev/sda2        20G  9.6G  9.0G  52% /
tmpfs           1.9G  4.0K  1.9G   1% /dev/shm
tmpfs           5.0M  8.0K  5.0M   1% /run/lock
tmpfs           387M  2.6M  385M   1% /run/user/1000
/dev/sr0         94M   94M     0 100% /media/sysadmin/CDROM

 00:09:01 up  4:02,  1 user,  load average: 0.00, 0.06, 0.07
               total        used        free      shared  buff/cache   available
Mem:           3.8Gi       2.0Gi       192Mi        58Mi       1.4Gi       1.7Gi
Swap:          3.6Gi       508Ki       3.6Gi
Filesystem      Size  Used Avail Use% Mounted on
tmpfs           387M  2.2M  385M   1% /run
/dev/sda2        20G  9.6G  9.0G  52% /
tmpfs           1.9G  4.0K  1.9G   1% /dev/shm
tmpfs           5.0M  8.0K  5.0M   1% /run/lock
tmpfs           387M  2.6M  385M   1% /run/user/1000
/dev/sr0         94M   94M     0 100% /media/sysadmin/CDROM

 00:10:01 up  4:03,  1 user,  load average: 0.37, 0.16, 0.10
               total        used        free      shared  buff/cache   available
Mem:           3.8Gi       2.1Gi       183Mi        58Mi       1.4Gi       1.7Gi
Swap:          3.6Gi       508Ki       3.6Gi
Filesystem      Size  Used Avail Use% Mounted on
tmpfs           387M  2.2M  385M   1% /run
/dev/sda2        20G  9.6G  9.0G  52% /
tmpfs           1.9G  4.0K  1.9G   1% /dev/shm
tmpfs           5.0M  8.0K  5.0M   1% /run/lock
tmpfs           387M  2.6M  385M   1% /run/user/1000
/dev/sr0         94M   94M     0 100% /media/sysadmin/CDROM

 00:11:01 up  4:04,  1 user,  load average: 0.14, 0.13, 0.09
               total        used        free      shared  buff/cache   available
Mem:           3.8Gi       2.1Gi       183Mi        58Mi       1.4Gi       1.7Gi
Swap:          3.6Gi       508Ki       3.6Gi
Filesystem      Size  Used Avail Use% Mounted on
tmpfs           387M  2.2M  385M   1% /run
/dev/sda2        20G  9.6G  9.0G  52% /
tmpfs           1.9G  4.0K  1.9G   1% /dev/shm
tmpfs           5.0M  8.0K  5.0M   1% /run/lock
tmpfs           387M  2.6M  385M   1% /run/user/1000
/dev/sr0         94M   94M     0 100% /media/sysadmin/CDROM

 00:12:01 up  4:05,  1 user,  load average: 0.14, 0.13, 0.09
               total        used        free      shared  buff/cache   available
Mem:           3.8Gi       2.1Gi       184Mi        58Mi       1.4Gi       1.7Gi
Swap:          3.6Gi       508Ki       3.6Gi
Filesystem      Size  Used Avail Use% Mounted on
tmpfs           387M  2.2M  385M   1% /run
/dev/sda2        20G  9.6G  9.0G  52% /
tmpfs           1.9G  4.0K  1.9G   1% /dev/shm
tmpfs           5.0M  8.0K  5.0M   1% /run/lock
tmpfs           387M  2.6M  385M   1% /run/user/1000
/dev/sr0         94M   94M     0 100% /media/sysadmin/CDROM

 00:13:01 up  4:06,  1 user,  load average: 0.19, 0.14, 0.10
               total        used        free      shared  buff/cache   available
Mem:           3.8Gi       2.1Gi       179Mi        58Mi       1.4Gi       1.7Gi
Swap:          3.6Gi       508Ki       3.6Gi
Filesystem      Size  Used Avail Use% Mounted on
tmpfs           387M  2.2M  385M   1% /run
/dev/sda2        20G  9.6G  9.0G  52% /
tmpfs           1.9G  4.0K  1.9G   1% /dev/shm
tmpfs           5.0M  8.0K  5.0M   1% /run/lock
tmpfs           387M  2.6M  385M   1% /run/user/1000
/dev/sr0         94M   94M     0 100% /media/sysadmin/CDROM

 00:14:01 up  4:07,  1 user,  load average: 0.23, 0.14, 0.10
               total        used        free      shared  buff/cache   available
Mem:           3.8Gi       2.1Gi       163Mi        58Mi       1.4Gi       1.7Gi
Swap:          3.6Gi       508Ki       3.6Gi
Filesystem      Size  Used Avail Use% Mounted on
tmpfs           387M  2.2M  385M   1% /run
/dev/sda2        20G  9.6G  9.0G  52% /
tmpfs           1.9G  4.0K  1.9G   1% /dev/shm
tmpfs           5.0M  8.0K  5.0M   1% /run/lock
tmpfs           387M  2.6M  385M   1% /run/user/1000
/dev/sr0         94M   94M     0 100% /media/sysadmin/CDROM

 00:15:01 up  4:08,  1 user,  load average: 1.41, 0.47, 0.21
               total        used        free      shared  buff/cache   available
Mem:           3.8Gi       2.2Gi       107Mi        70Mi       1.3Gi       1.6Gi
Swap:          3.6Gi       508Ki       3.6Gi
Filesystem      Size  Used Avail Use% Mounted on
tmpfs           387M  2.2M  385M   1% /run
/dev/sda2        20G  9.6G  9.0G  52% /
tmpfs           1.9G  4.0K  1.9G   1% /dev/shm
tmpfs           5.0M  8.0K  5.0M   1% /run/lock
tmpfs           387M  2.6M  385M   1% /run/user/1000
/dev/sr0         94M   94M     0 100% /media/sysadmin/CDROM

 00:16:01 up  4:09,  1 user,  load average: 2.19, 0.88, 0.37
               total        used        free      shared  buff/cache   available
Mem:           3.8Gi       2.2Gi       112Mi        71Mi       1.3Gi       1.5Gi
Swap:          3.6Gi       508Ki       3.6Gi
Filesystem      Size  Used Avail Use% Mounted on
tmpfs           387M  2.2M  385M   1% /run
/dev/sda2        20G  9.6G  9.0G  52% /
tmpfs           1.9G  4.0K  1.9G   1% /dev/shm
tmpfs           5.0M  8.0K  5.0M   1% /run/lock
tmpfs           387M  2.6M  385M   1% /run/user/1000
/dev/sr0         94M   94M     0 100% /media/sysadmin/CDROM

 00:17:01 up  4:10,  1 user,  load average: 2.21, 1.12, 0.48
               total        used        free      shared  buff/cache   available
Mem:           3.8Gi       2.2Gi       160Mi        68Mi       1.2Gi       1.6Gi
Swap:          3.6Gi       508Ki       3.6Gi
Filesystem      Size  Used Avail Use% Mounted on
tmpfs           387M  2.2M  385M   1% /run
/dev/sda2        20G  9.6G  9.0G  52% /
tmpfs           1.9G  4.0K  1.9G   1% /dev/shm
tmpfs           5.0M  8.0K  5.0M   1% /run/lock
tmpfs           387M  2.6M  385M   1% /run/user/1000
/dev/sr0         94M   94M     0 100% /media/sysadmin/CDROM

 00:18:01 up  4:11,  1 user,  load average: 0.89, 0.93, 0.45
               total        used        free      shared  buff/cache   available
Mem:           3.8Gi       2.2Gi       182Mi        63Mi       1.2Gi       1.6Gi
Swap:          3.6Gi       508Ki       3.6Gi
Filesystem      Size  Used Avail Use% Mounted on
tmpfs           387M  2.2M  385M   1% /run
/dev/sda2        20G  9.6G  9.0G  52% /
tmpfs           1.9G  4.0K  1.9G   1% /dev/shm
tmpfs           5.0M  8.0K  5.0M   1% /run/lock
tmpfs           387M  2.6M  385M   1% /run/user/1000
/dev/sr0         94M   94M     0 100% /media/sysadmin/CDROM

 00:19:01 up  4:12,  1 user,  load average: 0.40, 0.79, 0.44
               total        used        free      shared  buff/cache   available
Mem:           3.8Gi       2.2Gi       268Mi        67Mi       1.1Gi       1.6Gi
Swap:          3.6Gi       2.2Mi       3.6Gi
Filesystem      Size  Used Avail Use% Mounted on
tmpfs           387M  2.2M  385M   1% /run
/dev/sda2        20G  9.6G  9.0G  52% /
tmpfs           1.9G  4.0K  1.9G   1% /dev/shm
tmpfs           5.0M  8.0K  5.0M   1% /run/lock
tmpfs           387M  2.6M  385M   1% /run/user/1000
/dev/sr0         94M   94M     0 100% /media/sysadmin/CDROM

 00:20:01 up  4:13,  1 user,  load average: 0.15, 0.64, 0.41
               total        used        free      shared  buff/cache   available
Mem:           3.8Gi       2.2Gi       228Mi        64Mi       1.1Gi       1.5Gi
Swap:          3.6Gi       2.2Mi       3.6Gi
Filesystem      Size  Used Avail Use% Mounted on
tmpfs           387M  2.2M  385M   1% /run
/dev/sda2        20G  9.6G  9.0G  52% /
tmpfs           1.9G  4.0K  1.9G   1% /dev/shm
tmpfs           5.0M  8.0K  5.0M   1% /run/lock
tmpfs           387M  2.6M  385M   1% /run/user/1000
/dev/sr0         94M   94M     0 100% /media/sysadmin/CDROM

 00:21:01 up  4:14,  1 user,  load average: 0.26, 0.60, 0.40
               total        used        free      shared  buff/cache   available
Mem:           3.8Gi       2.3Gi       162Mi        71Mi       1.1Gi       1.5Gi
Swap:          3.6Gi       2.2Mi       3.6Gi
Filesystem      Size  Used Avail Use% Mounted on
tmpfs           387M  2.2M  385M   1% /run
/dev/sda2        20G  9.6G  9.0G  52% /
tmpfs           1.9G  4.0K  1.9G   1% /dev/shm
tmpfs           5.0M  8.0K  5.0M   1% /run/lock
tmpfs           387M  2.6M  385M   1% /run/user/1000
/dev/sr0         94M   94M     0 100% /media/sysadmin/CDROM

 00:22:01 up  4:15,  1 user,  load average: 0.20, 0.53, 0.39
               total        used        free      shared  buff/cache   available
Mem:           3.8Gi       2.3Gi       173Mi        71Mi       1.1Gi       1.5Gi
Swap:          3.6Gi       2.2Mi       3.6Gi
Filesystem      Size  Used Avail Use% Mounted on
tmpfs           387M  2.2M  385M   1% /run
/dev/sda2        20G  9.6G  9.0G  52% /
tmpfs           1.9G  4.0K  1.9G   1% /dev/shm
tmpfs           5.0M  8.0K  5.0M   1% /run/lock
tmpfs           387M  2.6M  385M   1% /run/user/1000
/dev/sr0         94M   94M     0 100% /media/sysadmin/CDROM

 00:23:01 up  4:16,  1 user,  load average: 0.72, 0.64, 0.44
               total        used        free      shared  buff/cache   available
Mem:           3.8Gi       2.3Gi       199Mi        71Mi       1.1Gi       1.5Gi
Swap:          3.6Gi        20Mi       3.6Gi
Filesystem      Size  Used Avail Use% Mounted on
tmpfs           387M  2.2M  385M   1% /run
/dev/sda2        20G  9.6G  9.0G  52% /
tmpfs           1.9G  4.0K  1.9G   1% /dev/shm
tmpfs           5.0M  8.0K  5.0M   1% /run/lock
tmpfs           387M  2.6M  385M   1% /run/user/1000
/dev/sr0         94M   94M     0 100% /media/sysadmin/CDROM

 00:24:01 up  4:17,  1 user,  load average: 0.53, 0.58, 0.43
               total        used        free      shared  buff/cache   available
Mem:           3.8Gi       2.2Gi       179Mi        71Mi       1.3Gi       1.6Gi
Swap:          3.6Gi       145Mi       3.5Gi
Filesystem      Size  Used Avail Use% Mounted on
tmpfs           387M  2.2M  385M   1% /run
/dev/sda2        20G  9.6G  9.0G  52% /
tmpfs           1.9G  4.0K  1.9G   1% /dev/shm
tmpfs           5.0M  8.0K  5.0M   1% /run/lock
tmpfs           387M  2.6M  385M   1% /run/user/1000
/dev/sr0         94M   94M     0 100% /media/sysadmin/CDROM

 00:25:01 up  4:18,  1 user,  load average: 0.61, 0.62, 0.46
               total        used        free      shared  buff/cache   available
Mem:           3.8Gi       2.2Gi       187Mi        71Mi       1.3Gi       1.5Gi
Swap:          3.6Gi       154Mi       3.5Gi
Filesystem      Size  Used Avail Use% Mounted on
tmpfs           387M  2.2M  385M   1% /run
/dev/sda2        20G  9.7G  8.9G  53% /
tmpfs           1.9G  4.0K  1.9G   1% /dev/shm
tmpfs           5.0M  8.0K  5.0M   1% /run/lock
tmpfs           387M  2.6M  385M   1% /run/user/1000
/dev/sr0         94M   94M     0 100% /media/sysadmin/CDROM

 00:26:01 up  4:19,  1 user,  load average: 0.72, 0.66, 0.48
               total        used        free      shared  buff/cache   available
Mem:           3.8Gi       2.1Gi       358Mi        68Mi       1.3Gi       1.6Gi
Swap:          3.6Gi       154Mi       3.5Gi
Filesystem      Size  Used Avail Use% Mounted on
tmpfs           387M  2.2M  385M   1% /run
/dev/sda2        20G  9.7G  8.9G  53% /
tmpfs           1.9G  4.0K  1.9G   1% /dev/shm
tmpfs           5.0M  8.0K  5.0M   1% /run/lock
tmpfs           387M  2.6M  385M   1% /run/user/1000
/dev/sr0         94M   94M     0 100% /media/sysadmin/CDROM

 00:27:01 up  4:20,  1 user,  load average: 0.26, 0.54, 0.45
               total        used        free      shared  buff/cache   available
Mem:           3.8Gi       2.1Gi       343Mi        67Mi       1.3Gi       1.6Gi
Swap:          3.6Gi       154Mi       3.5Gi
Filesystem      Size  Used Avail Use% Mounted on
tmpfs           387M  2.2M  385M   1% /run
/dev/sda2        20G  9.7G  8.9G  53% /
tmpfs           1.9G  4.0K  1.9G   1% /dev/shm
tmpfs           5.0M  8.0K  5.0M   1% /run/lock
tmpfs           387M  2.6M  385M   1% /run/user/1000
/dev/sr0         94M   94M     0 100% /media/sysadmin/CDROM

 00:28:01 up  4:21,  1 user,  load average: 0.09, 0.44, 0.42
               total        used        free      shared  buff/cache   available
Mem:           3.8Gi       2.1Gi       344Mi        67Mi       1.3Gi       1.6Gi
Swap:          3.6Gi       154Mi       3.5Gi
Filesystem      Size  Used Avail Use% Mounted on
tmpfs           387M  2.2M  385M   1% /run
/dev/sda2        20G  9.7G  8.9G  53% /
tmpfs           1.9G  4.0K  1.9G   1% /dev/shm
tmpfs           5.0M  8.0K  5.0M   1% /run/lock
tmpfs           387M  2.6M  385M   1% /run/user/1000
/dev/sr0         94M   94M     0 100% /media/sysadmin/CDROM

 00:29:01 up  4:22,  1 user,  load average: 0.03, 0.35, 0.39
               total        used        free      shared  buff/cache   available
Mem:           3.8Gi       2.1Gi       348Mi        67Mi       1.3Gi       1.6Gi
Swap:          3.6Gi       154Mi       3.5Gi
Filesystem      Size  Used Avail Use% Mounted on
tmpfs           387M  2.2M  385M   1% /run
/dev/sda2        20G  9.7G  8.9G  53% /
tmpfs           1.9G  4.0K  1.9G   1% /dev/shm
tmpfs           5.0M  8.0K  5.0M   1% /run/lock
tmpfs           387M  2.6M  385M   1% /run/user/1000
/dev/sr0         94M   94M     0 100% /media/sysadmin/CDROM

 00:30:01 up  4:23,  1 user,  load average: 0.01, 0.29, 0.36
               total        used        free      shared  buff/cache   available
Mem:           3.8Gi       2.1Gi       345Mi        67Mi       1.3Gi       1.6Gi
Swap:          3.6Gi       154Mi       3.5Gi
Filesystem      Size  Used Avail Use% Mounted on
tmpfs           387M  2.2M  385M   1% /run
/dev/sda2        20G  9.7G  8.9G  53% /
tmpfs           1.9G  4.0K  1.9G   1% /dev/shm
tmpfs           5.0M  8.0K  5.0M   1% /run/lock
tmpfs           387M  2.6M  385M   1% /run/user/1000
/dev/sr0         94M   94M     0 100% /media/sysadmin/CDROM

 00:31:01 up  4:24,  1 user,  load average: 0.08, 0.25, 0.34
               total        used        free      shared  buff/cache   available
Mem:           3.8Gi       2.1Gi       360Mi        67Mi       1.3Gi       1.7Gi
Swap:          3.6Gi       154Mi       3.5Gi
Filesystem      Size  Used Avail Use% Mounted on
tmpfs           387M  2.2M  385M   1% /run
/dev/sda2        20G  9.7G  8.9G  53% /
tmpfs           1.9G  4.0K  1.9G   1% /dev/shm
tmpfs           5.0M  8.0K  5.0M   1% /run/lock
tmpfs           387M  2.6M  385M   1% /run/user/1000
/dev/sr0         94M   94M     0 100% /media/sysadmin/CDROM

 00:32:01 up  4:25,  1 user,  load average: 0.15, 0.24, 0.33
               total        used        free      shared  buff/cache   available
Mem:           3.8Gi       2.1Gi       379Mi        67Mi       1.3Gi       1.7Gi
Swap:          3.6Gi       154Mi       3.5Gi
Filesystem      Size  Used Avail Use% Mounted on
tmpfs           387M  2.2M  385M   1% /run
/dev/sda2        20G  9.7G  8.9G  53% /
tmpfs           1.9G  4.0K  1.9G   1% /dev/shm
tmpfs           5.0M  8.0K  5.0M   1% /run/lock
tmpfs           387M  2.6M  385M   1% /run/user/1000
/dev/sr0         94M   94M     0 100% /media/sysadmin/CDROM

 00:33:01 up  4:26,  1 user,  load average: 0.13, 0.21, 0.32
               total        used        free      shared  buff/cache   available
Mem:           3.8Gi       2.1Gi       379Mi        67Mi       1.3Gi       1.7Gi
Swap:          3.6Gi       154Mi       3.5Gi
Filesystem      Size  Used Avail Use% Mounted on
tmpfs           387M  2.2M  385M   1% /run
/dev/sda2        20G  9.7G  8.9G  53% /
tmpfs           1.9G  4.0K  1.9G   1% /dev/shm
tmpfs           5.0M  8.0K  5.0M   1% /run/lock
tmpfs           387M  2.6M  385M   1% /run/user/1000
/dev/sr0         94M   94M     0 100% /media/sysadmin/CDROM

 00:34:01 up  4:27,  1 user,  load average: 0.27, 0.26, 0.33
               total        used        free      shared  buff/cache   available
Mem:           3.8Gi       2.1Gi       376Mi        67Mi       1.3Gi       1.7Gi
Swap:          3.6Gi       154Mi       3.5Gi
Filesystem      Size  Used Avail Use% Mounted on
tmpfs           387M  2.2M  385M   1% /run
/dev/sda2        20G  9.7G  8.9G  53% /
tmpfs           1.9G  4.0K  1.9G   1% /dev/shm
tmpfs           5.0M  8.0K  5.0M   1% /run/lock
tmpfs           387M  2.6M  385M   1% /run/user/1000
/dev/sr0         94M   94M     0 100% /media/sysadmin/CDROM

 01:35:57 up  4:28,  1 user,  load average: 0.10, 0.21, 0.30
               total        used        free      shared  buff/cache   available
Mem:           3.8Gi       2.1Gi       330Mi        67Mi       1.3Gi       1.6Gi
Swap:          3.6Gi       154Mi       3.5Gi
Filesystem      Size  Used Avail Use% Mounted on
tmpfs           387M  2.2M  385M   1% /run
/dev/sda2        20G  9.7G  8.9G  53% /
tmpfs           1.9G  4.0K  1.9G   1% /dev/shm
tmpfs           5.0M  8.0K  5.0M   1% /run/lock
tmpfs           387M  2.6M  385M   1% /run/user/1000
/dev/sr0         94M   94M     0 100% /media/sysadmin/CDROM

 01:36:01 up  4:28,  1 user,  load average: 0.09, 0.20, 0.30
               total        used        free      shared  buff/cache   available
Mem:           3.8Gi       2.1Gi       342Mi        67Mi       1.3Gi       1.6Gi
Swap:          3.6Gi       154Mi       3.5Gi
Filesystem      Size  Used Avail Use% Mounted on
tmpfs           387M  2.2M  385M   1% /run
/dev/sda2        20G  9.7G  8.9G  53% /
tmpfs           1.9G  4.0K  1.9G   1% /dev/shm
tmpfs           5.0M  8.0K  5.0M   1% /run/lock
tmpfs           387M  2.6M  385M   1% /run/user/1000
/dev/sr0         94M   94M     0 100% /media/sysadmin/CDROM

 01:37:01 up  4:29,  1 user,  load average: 0.25, 0.21, 0.29
               total        used        free      shared  buff/cache   available
Mem:           3.8Gi       2.1Gi       358Mi        67Mi       1.3Gi       1.7Gi
Swap:          3.6Gi       154Mi       3.5Gi
Filesystem      Size  Used Avail Use% Mounted on
tmpfs           387M  2.2M  385M   1% /run
/dev/sda2        20G  9.7G  8.9G  53% /
tmpfs           1.9G  4.0K  1.9G   1% /dev/shm
tmpfs           5.0M  8.0K  5.0M   1% /run/lock
tmpfs           387M  2.6M  385M   1% /run/user/1000
/dev/sr0         94M   94M     0 100% /media/sysadmin/CDROM

 01:38:01 up  4:30,  1 user,  load average: 0.09, 0.17, 0.27
               total        used        free      shared  buff/cache   available
Mem:           3.8Gi       2.1Gi       357Mi        67Mi       1.3Gi       1.7Gi
Swap:          3.6Gi       154Mi       3.5Gi
Filesystem      Size  Used Avail Use% Mounted on
tmpfs           387M  2.2M  385M   1% /run
/dev/sda2        20G  9.7G  8.9G  53% /
tmpfs           1.9G  4.0K  1.9G   1% /dev/shm
tmpfs           5.0M  8.0K  5.0M   1% /run/lock
tmpfs           387M  2.6M  385M   1% /run/user/1000
/dev/sr0         94M   94M     0 100% /media/sysadmin/CDROM

 01:39:01 up  4:31,  1 user,  load average: 0.03, 0.14, 0.25
               total        used        free      shared  buff/cache   available
Mem:           3.8Gi       2.1Gi       357Mi        67Mi       1.3Gi       1.7Gi
Swap:          3.6Gi       154Mi       3.5Gi
Filesystem      Size  Used Avail Use% Mounted on
tmpfs           387M  2.2M  385M   1% /run
/dev/sda2        20G  9.7G  8.9G  53% /
tmpfs           1.9G  4.0K  1.9G   1% /dev/shm
tmpfs           5.0M  8.0K  5.0M   1% /run/lock
tmpfs           387M  2.6M  385M   1% /run/user/1000
/dev/sr0         94M   94M     0 100% /media/sysadmin/CDROM

 01:40:01 up  4:32,  1 user,  load average: 0.12, 0.14, 0.25
               total        used        free      shared  buff/cache   available
Mem:           3.8Gi       2.1Gi       400Mi        67Mi       1.3Gi       1.7Gi
Swap:          3.6Gi       154Mi       3.5Gi
Filesystem      Size  Used Avail Use% Mounted on
tmpfs           387M  2.2M  385M   1% /run
/dev/sda2        20G  9.7G  8.9G  53% /
tmpfs           1.9G  4.0K  1.9G   1% /dev/shm
tmpfs           5.0M  8.0K  5.0M   1% /run/lock
tmpfs           387M  2.6M  385M   1% /run/user/1000
/dev/sr0         94M   94M     0 100% /media/sysadmin/CDROM

 01:41:01 up  4:33,  1 user,  load average: 0.68, 0.30, 0.29
               total        used        free      shared  buff/cache   available
Mem:           3.8Gi       2.1Gi       334Mi        67Mi       1.3Gi       1.7Gi
Swap:          3.6Gi       154Mi       3.5Gi
Filesystem      Size  Used Avail Use% Mounted on
tmpfs           387M  2.2M  385M   1% /run
/dev/sda2        20G  9.7G  8.9G  53% /
tmpfs           1.9G  4.0K  1.9G   1% /dev/shm
tmpfs           5.0M  8.0K  5.0M   1% /run/lock
tmpfs           387M  2.6M  385M   1% /run/user/1000
/dev/sr0         94M   94M     0 100% /media/sysadmin/CDROM

 01:42:01 up  4:34,  1 user,  load average: 0.25, 0.24, 0.27
               total        used        free      shared  buff/cache   available
Mem:           3.8Gi       2.1Gi       337Mi        67Mi       1.3Gi       1.7Gi
Swap:          3.6Gi       154Mi       3.5Gi
Filesystem      Size  Used Avail Use% Mounted on
tmpfs           387M  2.2M  385M   1% /run
/dev/sda2        20G  9.7G  8.9G  53% /
tmpfs           1.9G  4.0K  1.9G   1% /dev/shm
tmpfs           5.0M  8.0K  5.0M   1% /run/lock
tmpfs           387M  2.6M  385M   1% /run/user/1000
/dev/sr0         94M   94M     0 100% /media/sysadmin/CDROM

